###############################################################################
#
# IAR ELF Linker V7.40.3.8902/W32 for ARM                 07/May/2021  08:46:27
# Copyright 2007-2015 IAR Systems AB.
#
#    Output file  =  
#        E:\2021_lyhWorkPlaceSoftWave\JK16BDC\EWARM\YS-F4Pro\Exe\YS-F4Pro.out
#    Map file     =  
#        E:\2021_lyhWorkPlaceSoftWave\JK16BDC\EWARM\YS-F4Pro/List\YS-F4Pro.map
#    Command line =  
#        E:\2021_lyhWorkPlaceSoftWave\JK16BDC\EWARM\YS-F4Pro\Obj\bsp_AD5689.o
#        E:\2021_lyhWorkPlaceSoftWave\JK16BDC\EWARM\YS-F4Pro\Obj\bsp_beep.o
#        E:\2021_lyhWorkPlaceSoftWave\JK16BDC\EWARM\YS-F4Pro\Obj\bsp_GeneralTIM.o
#        E:\2021_lyhWorkPlaceSoftWave\JK16BDC\EWARM\YS-F4Pro\Obj\bsp_led.o
#        E:\2021_lyhWorkPlaceSoftWave\JK16BDC\EWARM\YS-F4Pro\Obj\bsp_MB_host.o
#        E:\2021_lyhWorkPlaceSoftWave\JK16BDC\EWARM\YS-F4Pro\Obj\bsp_usartx.o
#        E:\2021_lyhWorkPlaceSoftWave\JK16BDC\EWARM\YS-F4Pro\Obj\bsp_usartx_RS485.o
#        E:\2021_lyhWorkPlaceSoftWave\JK16BDC\EWARM\YS-F4Pro\Obj\main.o
#        E:\2021_lyhWorkPlaceSoftWave\JK16BDC\EWARM\YS-F4Pro\Obj\startup_stm32f407xx.o
#        E:\2021_lyhWorkPlaceSoftWave\JK16BDC\EWARM\YS-F4Pro\Obj\stm32f4xx_assert.o
#        E:\2021_lyhWorkPlaceSoftWave\JK16BDC\EWARM\YS-F4Pro\Obj\stm32f4xx_hal.o
#        E:\2021_lyhWorkPlaceSoftWave\JK16BDC\EWARM\YS-F4Pro\Obj\stm32f4xx_hal_adc.o
#        E:\2021_lyhWorkPlaceSoftWave\JK16BDC\EWARM\YS-F4Pro\Obj\stm32f4xx_hal_adc_ex.o
#        E:\2021_lyhWorkPlaceSoftWave\JK16BDC\EWARM\YS-F4Pro\Obj\stm32f4xx_hal_can.o
#        E:\2021_lyhWorkPlaceSoftWave\JK16BDC\EWARM\YS-F4Pro\Obj\stm32f4xx_hal_cec.o
#        E:\2021_lyhWorkPlaceSoftWave\JK16BDC\EWARM\YS-F4Pro\Obj\stm32f4xx_hal_cortex.o
#        E:\2021_lyhWorkPlaceSoftWave\JK16BDC\EWARM\YS-F4Pro\Obj\stm32f4xx_hal_crc.o
#        E:\2021_lyhWorkPlaceSoftWave\JK16BDC\EWARM\YS-F4Pro\Obj\stm32f4xx_hal_cryp.o
#        E:\2021_lyhWorkPlaceSoftWave\JK16BDC\EWARM\YS-F4Pro\Obj\stm32f4xx_hal_cryp_ex.o
#        E:\2021_lyhWorkPlaceSoftWave\JK16BDC\EWARM\YS-F4Pro\Obj\stm32f4xx_hal_dac.o
#        E:\2021_lyhWorkPlaceSoftWave\JK16BDC\EWARM\YS-F4Pro\Obj\stm32f4xx_hal_dac_ex.o
#        E:\2021_lyhWorkPlaceSoftWave\JK16BDC\EWARM\YS-F4Pro\Obj\stm32f4xx_hal_dcmi.o
#        E:\2021_lyhWorkPlaceSoftWave\JK16BDC\EWARM\YS-F4Pro\Obj\stm32f4xx_hal_dcmi_ex.o
#        E:\2021_lyhWorkPlaceSoftWave\JK16BDC\EWARM\YS-F4Pro\Obj\stm32f4xx_hal_dfsdm.o
#        E:\2021_lyhWorkPlaceSoftWave\JK16BDC\EWARM\YS-F4Pro\Obj\stm32f4xx_hal_dma.o
#        E:\2021_lyhWorkPlaceSoftWave\JK16BDC\EWARM\YS-F4Pro\Obj\stm32f4xx_hal_dma2d.o
#        E:\2021_lyhWorkPlaceSoftWave\JK16BDC\EWARM\YS-F4Pro\Obj\stm32f4xx_hal_dma_ex.o
#        E:\2021_lyhWorkPlaceSoftWave\JK16BDC\EWARM\YS-F4Pro\Obj\stm32f4xx_hal_dsi.o
#        E:\2021_lyhWorkPlaceSoftWave\JK16BDC\EWARM\YS-F4Pro\Obj\stm32f4xx_hal_eth.o
#        E:\2021_lyhWorkPlaceSoftWave\JK16BDC\EWARM\YS-F4Pro\Obj\stm32f4xx_hal_flash.o
#        E:\2021_lyhWorkPlaceSoftWave\JK16BDC\EWARM\YS-F4Pro\Obj\stm32f4xx_hal_flash_ex.o
#        E:\2021_lyhWorkPlaceSoftWave\JK16BDC\EWARM\YS-F4Pro\Obj\stm32f4xx_hal_flash_ramfunc.o
#        E:\2021_lyhWorkPlaceSoftWave\JK16BDC\EWARM\YS-F4Pro\Obj\stm32f4xx_hal_fmpi2c.o
#        E:\2021_lyhWorkPlaceSoftWave\JK16BDC\EWARM\YS-F4Pro\Obj\stm32f4xx_hal_fmpi2c_ex.o
#        E:\2021_lyhWorkPlaceSoftWave\JK16BDC\EWARM\YS-F4Pro\Obj\stm32f4xx_hal_gpio.o
#        E:\2021_lyhWorkPlaceSoftWave\JK16BDC\EWARM\YS-F4Pro\Obj\stm32f4xx_hal_hash.o
#        E:\2021_lyhWorkPlaceSoftWave\JK16BDC\EWARM\YS-F4Pro\Obj\stm32f4xx_hal_hash_ex.o
#        E:\2021_lyhWorkPlaceSoftWave\JK16BDC\EWARM\YS-F4Pro\Obj\stm32f4xx_hal_hcd.o
#        E:\2021_lyhWorkPlaceSoftWave\JK16BDC\EWARM\YS-F4Pro\Obj\stm32f4xx_hal_i2c.o
#        E:\2021_lyhWorkPlaceSoftWave\JK16BDC\EWARM\YS-F4Pro\Obj\stm32f4xx_hal_i2c_ex.o
#        E:\2021_lyhWorkPlaceSoftWave\JK16BDC\EWARM\YS-F4Pro\Obj\stm32f4xx_hal_i2s.o
#        E:\2021_lyhWorkPlaceSoftWave\JK16BDC\EWARM\YS-F4Pro\Obj\stm32f4xx_hal_i2s_ex.o
#        E:\2021_lyhWorkPlaceSoftWave\JK16BDC\EWARM\YS-F4Pro\Obj\stm32f4xx_hal_irda.o
#        E:\2021_lyhWorkPlaceSoftWave\JK16BDC\EWARM\YS-F4Pro\Obj\stm32f4xx_hal_iwdg.o
#        E:\2021_lyhWorkPlaceSoftWave\JK16BDC\EWARM\YS-F4Pro\Obj\stm32f4xx_hal_lptim.o
#        E:\2021_lyhWorkPlaceSoftWave\JK16BDC\EWARM\YS-F4Pro\Obj\stm32f4xx_hal_ltdc.o
#        E:\2021_lyhWorkPlaceSoftWave\JK16BDC\EWARM\YS-F4Pro\Obj\stm32f4xx_hal_ltdc_ex.o
#        E:\2021_lyhWorkPlaceSoftWave\JK16BDC\EWARM\YS-F4Pro\Obj\stm32f4xx_hal_mmc.o
#        E:\2021_lyhWorkPlaceSoftWave\JK16BDC\EWARM\YS-F4Pro\Obj\stm32f4xx_hal_msp.o
#        E:\2021_lyhWorkPlaceSoftWave\JK16BDC\EWARM\YS-F4Pro\Obj\stm32f4xx_hal_nand.o
#        E:\2021_lyhWorkPlaceSoftWave\JK16BDC\EWARM\YS-F4Pro\Obj\stm32f4xx_hal_nor.o
#        E:\2021_lyhWorkPlaceSoftWave\JK16BDC\EWARM\YS-F4Pro\Obj\stm32f4xx_hal_pccard.o
#        E:\2021_lyhWorkPlaceSoftWave\JK16BDC\EWARM\YS-F4Pro\Obj\stm32f4xx_hal_pcd.o
#        E:\2021_lyhWorkPlaceSoftWave\JK16BDC\EWARM\YS-F4Pro\Obj\stm32f4xx_hal_pcd_ex.o
#        E:\2021_lyhWorkPlaceSoftWave\JK16BDC\EWARM\YS-F4Pro\Obj\stm32f4xx_hal_pwr.o
#        E:\2021_lyhWorkPlaceSoftWave\JK16BDC\EWARM\YS-F4Pro\Obj\stm32f4xx_hal_pwr_ex.o
#        E:\2021_lyhWorkPlaceSoftWave\JK16BDC\EWARM\YS-F4Pro\Obj\stm32f4xx_hal_qspi.o
#        E:\2021_lyhWorkPlaceSoftWave\JK16BDC\EWARM\YS-F4Pro\Obj\stm32f4xx_hal_rcc.o
#        E:\2021_lyhWorkPlaceSoftWave\JK16BDC\EWARM\YS-F4Pro\Obj\stm32f4xx_hal_rcc_ex.o
#        E:\2021_lyhWorkPlaceSoftWave\JK16BDC\EWARM\YS-F4Pro\Obj\stm32f4xx_hal_rng.o
#        E:\2021_lyhWorkPlaceSoftWave\JK16BDC\EWARM\YS-F4Pro\Obj\stm32f4xx_hal_rtc.o
#        E:\2021_lyhWorkPlaceSoftWave\JK16BDC\EWARM\YS-F4Pro\Obj\stm32f4xx_hal_rtc_ex.o
#        E:\2021_lyhWorkPlaceSoftWave\JK16BDC\EWARM\YS-F4Pro\Obj\stm32f4xx_hal_sai.o
#        E:\2021_lyhWorkPlaceSoftWave\JK16BDC\EWARM\YS-F4Pro\Obj\stm32f4xx_hal_sai_ex.o
#        E:\2021_lyhWorkPlaceSoftWave\JK16BDC\EWARM\YS-F4Pro\Obj\stm32f4xx_hal_sd.o
#        E:\2021_lyhWorkPlaceSoftWave\JK16BDC\EWARM\YS-F4Pro\Obj\stm32f4xx_hal_sdram.o
#        E:\2021_lyhWorkPlaceSoftWave\JK16BDC\EWARM\YS-F4Pro\Obj\stm32f4xx_hal_smartcard.o
#        E:\2021_lyhWorkPlaceSoftWave\JK16BDC\EWARM\YS-F4Pro\Obj\stm32f4xx_hal_spdifrx.o
#        E:\2021_lyhWorkPlaceSoftWave\JK16BDC\EWARM\YS-F4Pro\Obj\stm32f4xx_hal_spi.o
#        E:\2021_lyhWorkPlaceSoftWave\JK16BDC\EWARM\YS-F4Pro\Obj\stm32f4xx_hal_sram.o
#        E:\2021_lyhWorkPlaceSoftWave\JK16BDC\EWARM\YS-F4Pro\Obj\stm32f4xx_hal_tim.o
#        E:\2021_lyhWorkPlaceSoftWave\JK16BDC\EWARM\YS-F4Pro\Obj\stm32f4xx_hal_tim_ex.o
#        E:\2021_lyhWorkPlaceSoftWave\JK16BDC\EWARM\YS-F4Pro\Obj\stm32f4xx_hal_uart.o
#        E:\2021_lyhWorkPlaceSoftWave\JK16BDC\EWARM\YS-F4Pro\Obj\stm32f4xx_hal_usart.o
#        E:\2021_lyhWorkPlaceSoftWave\JK16BDC\EWARM\YS-F4Pro\Obj\stm32f4xx_hal_wwdg.o
#        E:\2021_lyhWorkPlaceSoftWave\JK16BDC\EWARM\YS-F4Pro\Obj\stm32f4xx_it.o
#        E:\2021_lyhWorkPlaceSoftWave\JK16BDC\EWARM\YS-F4Pro\Obj\stm32f4xx_ll_adc.o
#        E:\2021_lyhWorkPlaceSoftWave\JK16BDC\EWARM\YS-F4Pro\Obj\stm32f4xx_ll_crc.o
#        E:\2021_lyhWorkPlaceSoftWave\JK16BDC\EWARM\YS-F4Pro\Obj\stm32f4xx_ll_dac.o
#        E:\2021_lyhWorkPlaceSoftWave\JK16BDC\EWARM\YS-F4Pro\Obj\stm32f4xx_ll_dma.o
#        E:\2021_lyhWorkPlaceSoftWave\JK16BDC\EWARM\YS-F4Pro\Obj\stm32f4xx_ll_dma2d.o
#        E:\2021_lyhWorkPlaceSoftWave\JK16BDC\EWARM\YS-F4Pro\Obj\stm32f4xx_ll_exti.o
#        E:\2021_lyhWorkPlaceSoftWave\JK16BDC\EWARM\YS-F4Pro\Obj\stm32f4xx_ll_fmc.o
#        E:\2021_lyhWorkPlaceSoftWave\JK16BDC\EWARM\YS-F4Pro\Obj\stm32f4xx_ll_fsmc.o
#        E:\2021_lyhWorkPlaceSoftWave\JK16BDC\EWARM\YS-F4Pro\Obj\stm32f4xx_ll_gpio.o
#        E:\2021_lyhWorkPlaceSoftWave\JK16BDC\EWARM\YS-F4Pro\Obj\stm32f4xx_ll_i2c.o
#        E:\2021_lyhWorkPlaceSoftWave\JK16BDC\EWARM\YS-F4Pro\Obj\stm32f4xx_ll_lptim.o
#        E:\2021_lyhWorkPlaceSoftWave\JK16BDC\EWARM\YS-F4Pro\Obj\stm32f4xx_ll_pwr.o
#        E:\2021_lyhWorkPlaceSoftWave\JK16BDC\EWARM\YS-F4Pro\Obj\stm32f4xx_ll_rcc.o
#        E:\2021_lyhWorkPlaceSoftWave\JK16BDC\EWARM\YS-F4Pro\Obj\stm32f4xx_ll_rng.o
#        E:\2021_lyhWorkPlaceSoftWave\JK16BDC\EWARM\YS-F4Pro\Obj\stm32f4xx_ll_rtc.o
#        E:\2021_lyhWorkPlaceSoftWave\JK16BDC\EWARM\YS-F4Pro\Obj\stm32f4xx_ll_sdmmc.o
#        E:\2021_lyhWorkPlaceSoftWave\JK16BDC\EWARM\YS-F4Pro\Obj\stm32f4xx_ll_spi.o
#        E:\2021_lyhWorkPlaceSoftWave\JK16BDC\EWARM\YS-F4Pro\Obj\stm32f4xx_ll_tim.o
#        E:\2021_lyhWorkPlaceSoftWave\JK16BDC\EWARM\YS-F4Pro\Obj\stm32f4xx_ll_usart.o
#        E:\2021_lyhWorkPlaceSoftWave\JK16BDC\EWARM\YS-F4Pro\Obj\stm32f4xx_ll_usb.o
#        E:\2021_lyhWorkPlaceSoftWave\JK16BDC\EWARM\YS-F4Pro\Obj\stm32f4xx_ll_utils.o
#        E:\2021_lyhWorkPlaceSoftWave\JK16BDC\EWARM\YS-F4Pro\Obj\system_stm32f4xx.o
#        --redirect _Printf=_PrintfFull --redirect _Scanf=_ScanfFull -o
#        E:\2021_lyhWorkPlaceSoftWave\JK16BDC\EWARM\YS-F4Pro\Exe\YS-F4Pro.out
#        --map
#        E:\2021_lyhWorkPlaceSoftWave\JK16BDC\EWARM\YS-F4Pro/List\YS-F4Pro.map
#        --config
#        E:\2021_lyhWorkPlaceSoftWave\JK16BDC\EWARM/stm32f407xx_flash.icf
#        --semihosting --entry __iar_program_start --vfe
#
###############################################################################

*******************************************************************************
*** RUNTIME MODEL ATTRIBUTES
***

CppFlavor       = *
__SystemLibrary = DLib


*******************************************************************************
*** PLACEMENT SUMMARY
***

"A1":  place at 0x08000000 { ro section .intvec };
"P1":  place in [from 0x08000000 to 0x080fffff] { ro };
"P2":  place in [from 0x20000000 to 0x2001ffff] { rw, block CSTACK, block HEAP };

  Section            Kind        Address    Size  Object
  -------            ----        -------    ----  ------
"A1":                                      0x188
  .intvec            ro code  0x08000000   0x188  startup_stm32f407xx.o [1]
                            - 0x08000188   0x188

"P1":                                     0x27f8
  .text              ro code  0x08000188   0x7c4  main.o [1]
  .text              ro code  0x0800094c   0x494  stm32f4xx_hal_rcc.o [1]
  .text              ro code  0x08000de0    0xe4  stm32f4xx_hal_cortex.o [1]
  .text              ro code  0x08000ec4    0x90  stm32f4xx_hal.o [1]
  .text              ro code  0x08000f54    0x4c  bsp_beep.o [1]
  .text              ro code  0x08000fa0   0x14c  bsp_AD5689.o [1]
  .text              ro code  0x080010ec    0xa4  bsp_GeneralTIM.o [1]
  .text              ro code  0x08001190    0xbc  bsp_led.o [1]
  .text              ro code  0x0800124c   0x140  bsp_usartx_RS485.o [1]
  .text              ro code  0x0800138c   0x13c  bsp_usartx.o [1]
  .text              ro code  0x080014c8   0x260  bsp_MB_host.o [1]
  .text              ro code  0x08001728   0x1f0  stm32f4xx_hal_gpio.o [1]
  .text              ro code  0x08001918   0x5b8  stm32f4xx_hal_tim.o [1]
  .text              ro code  0x08001ed0   0x5e8  stm32f4xx_hal_uart.o [1]
  .text              ro code  0x080024b8    0x70  stm32f4xx_hal_msp.o [1]
  .text              ro code  0x08002528    0x3a  ABImemset48.o [5]
  .text              ro code  0x08002564     0x4  stm32f4xx_hal_tim_ex.o [1]
  .text              ro code  0x08002568    0x24  stm32f4xx_hal_dma.o [1]
  .text              ro code  0x0800258c    0xd0  packbits_init.o [5]
  .text              ro code  0x0800265c     0x6  abort.o [3]
  .text              ro code  0x08002664    0x14  exit.o [6]
  .text              ro code  0x08002678    0x60  system_stm32f4xx.o [1]
  .text              ro code  0x080026d8    0x40  stm32f4xx_it.o [1]
  .text              ro code  0x08002718    0x40  zero_init3.o [5]
  .text              ro code  0x08002758    0x28  data_init.o [5]
  .text              ro code  0x08002780    0x22  fpinit_M.o [4]
  .iar.init_table    const    0x080027a4    0x2c  - Linker created -
  .text              ro code  0x080027d0    0x1a  cmain.o [5]
  .text              ro code  0x080027ea     0x4  low_level_init.o [3]
  .text              ro code  0x080027ee     0x4  exit.o [3]
  .text              ro code  0x080027f4     0xa  cexit.o [5]
  .text              ro code  0x08002800    0x10  startup_stm32f407xx.o [1]
  .text              ro code  0x08002810     0xc  cstartup_M.o [5]
  .rodata            const    0x0800281c     0x8  system_stm32f4xx.o [1]
  .text              ro code  0x08002824     0x4  startup_stm32f407xx.o [1]
  .text              ro code  0x08002828     0x4  startup_stm32f407xx.o [1]
  .text              ro code  0x0800282c     0x4  startup_stm32f407xx.o [1]
  .text              ro code  0x08002830     0x4  startup_stm32f407xx.o [1]
  .text              ro code  0x08002834     0x4  startup_stm32f407xx.o [1]
  .text              ro code  0x08002838     0x4  startup_stm32f407xx.o [1]
  .text              ro code  0x0800283c     0x4  startup_stm32f407xx.o [1]
  .text              ro code  0x08002840     0x4  startup_stm32f407xx.o [1]
  .text              ro code  0x08002844     0x4  startup_stm32f407xx.o [1]
  .text              ro code  0x08002848     0x4  startup_stm32f407xx.o [1]
  .text              ro code  0x0800284c     0x4  startup_stm32f407xx.o [1]
  .text              ro code  0x08002850     0x4  startup_stm32f407xx.o [1]
  .text              ro code  0x08002854     0x4  startup_stm32f407xx.o [1]
  .text              ro code  0x08002858     0x4  startup_stm32f407xx.o [1]
  .text              ro code  0x0800285c     0x4  startup_stm32f407xx.o [1]
  .text              ro code  0x08002860     0x4  startup_stm32f407xx.o [1]
  .text              ro code  0x08002864     0x4  startup_stm32f407xx.o [1]
  .text              ro code  0x08002868     0x4  startup_stm32f407xx.o [1]
  .text              ro code  0x0800286c     0x4  startup_stm32f407xx.o [1]
  .text              ro code  0x08002870     0x4  startup_stm32f407xx.o [1]
  .text              ro code  0x08002874     0x4  startup_stm32f407xx.o [1]
  .text              ro code  0x08002878     0x4  startup_stm32f407xx.o [1]
  .text              ro code  0x0800287c     0x4  startup_stm32f407xx.o [1]
  .text              ro code  0x08002880     0x4  startup_stm32f407xx.o [1]
  .text              ro code  0x08002884     0x4  startup_stm32f407xx.o [1]
  .text              ro code  0x08002888     0x4  startup_stm32f407xx.o [1]
  .text              ro code  0x0800288c     0x4  startup_stm32f407xx.o [1]
  .text              ro code  0x08002890     0x4  startup_stm32f407xx.o [1]
  .text              ro code  0x08002894     0x4  startup_stm32f407xx.o [1]
  .text              ro code  0x08002898     0x4  startup_stm32f407xx.o [1]
  .text              ro code  0x0800289c     0x4  startup_stm32f407xx.o [1]
  .text              ro code  0x080028a0     0x4  startup_stm32f407xx.o [1]
  .text              ro code  0x080028a4     0x4  startup_stm32f407xx.o [1]
  .text              ro code  0x080028a8     0x4  startup_stm32f407xx.o [1]
  .text              ro code  0x080028ac     0x4  startup_stm32f407xx.o [1]
  .text              ro code  0x080028b0     0x4  startup_stm32f407xx.o [1]
  .text              ro code  0x080028b4     0x4  startup_stm32f407xx.o [1]
  .text              ro code  0x080028b8     0x4  startup_stm32f407xx.o [1]
  .text              ro code  0x080028bc     0x4  startup_stm32f407xx.o [1]
  .text              ro code  0x080028c0     0x4  startup_stm32f407xx.o [1]
  .text              ro code  0x080028c4     0x4  startup_stm32f407xx.o [1]
  .text              ro code  0x080028c8     0x4  startup_stm32f407xx.o [1]
  .text              ro code  0x080028cc     0x4  startup_stm32f407xx.o [1]
  .text              ro code  0x080028d0     0x4  startup_stm32f407xx.o [1]
  .text              ro code  0x080028d4     0x4  startup_stm32f407xx.o [1]
  .text              ro code  0x080028d8     0x4  startup_stm32f407xx.o [1]
  .text              ro code  0x080028dc     0x4  startup_stm32f407xx.o [1]
  .text              ro code  0x080028e0     0x4  startup_stm32f407xx.o [1]
  .text              ro code  0x080028e4     0x4  startup_stm32f407xx.o [1]
  .text              ro code  0x080028e8     0x4  startup_stm32f407xx.o [1]
  .text              ro code  0x080028ec     0x4  startup_stm32f407xx.o [1]
  .text              ro code  0x080028f0     0x4  startup_stm32f407xx.o [1]
  .text              ro code  0x080028f4     0x4  startup_stm32f407xx.o [1]
  .text              ro code  0x080028f8     0x4  startup_stm32f407xx.o [1]
  .text              ro code  0x080028fc     0x4  startup_stm32f407xx.o [1]
  .text              ro code  0x08002900     0x4  startup_stm32f407xx.o [1]
  .text              ro code  0x08002904     0x4  startup_stm32f407xx.o [1]
  .text              ro code  0x08002908     0x4  startup_stm32f407xx.o [1]
  .text              ro code  0x0800290c     0x4  startup_stm32f407xx.o [1]
  .text              ro code  0x08002910     0x4  startup_stm32f407xx.o [1]
  .text              ro code  0x08002914     0x4  startup_stm32f407xx.o [1]
  .text              ro code  0x08002918     0x4  startup_stm32f407xx.o [1]
  .text              ro code  0x0800291c     0x4  startup_stm32f407xx.o [1]
  .text              ro code  0x08002920     0x4  startup_stm32f407xx.o [1]
  .text              ro code  0x08002924     0x4  startup_stm32f407xx.o [1]
  .text              ro code  0x08002928     0x4  startup_stm32f407xx.o [1]
  .text              ro code  0x0800292c     0x4  startup_stm32f407xx.o [1]
  .text              ro code  0x08002930     0x4  startup_stm32f407xx.o [1]
  .text              ro code  0x08002934     0x4  startup_stm32f407xx.o [1]
  .text              ro code  0x08002938     0x4  startup_stm32f407xx.o [1]
  .text              ro code  0x0800293c     0x4  startup_stm32f407xx.o [1]
  .text              ro code  0x08002940     0x4  startup_stm32f407xx.o [1]
  .text              ro code  0x08002944     0x4  startup_stm32f407xx.o [1]
  .text              ro code  0x08002948     0x4  startup_stm32f407xx.o [1]
  .text              ro code  0x0800294c     0x4  startup_stm32f407xx.o [1]
  .text              ro code  0x08002950     0x4  startup_stm32f407xx.o [1]
  .text              ro code  0x08002954     0x4  startup_stm32f407xx.o [1]
  .rodata            const    0x08002958     0x0  zero_init3.o [5]
  .rodata            const    0x08002958     0x0  packbits_init.o [5]
  Initializer bytes  const    0x08002958    0x28  <for P2 s0>
                            - 0x08002980  0x27f8

"P2":                                     0x13d8
  P2 s0                       0x20000000    0xe4  <Init block>
    .data            inited   0x20000000    0xe0  main.o [1]
    .data            inited   0x200000e0     0x4  system_stm32f4xx.o [1]
  .bss               zero     0x200000e4   0x100  bsp_usartx_RS485.o [1]
  .bss               zero     0x200001e4   0x100  bsp_usartx_RS485.o [1]
  .bss               zero     0x200002e4    0x70  bsp_usartx.o [1]
  .bss               zero     0x20000354    0x41  bsp_usartx_RS485.o [1]
  .bss               zero     0x20000396     0x2  bsp_usartx_RS485.o [1]
  .bss               zero     0x20000398    0x3c  bsp_GeneralTIM.o [1]
  .bss               zero     0x200003d4     0x4  stm32f4xx_hal.o [1]
  CSTACK                      0x200003d8  0x1000  <Block>
    CSTACK           uninit   0x200003d8  0x1000  <Block tail>
                            - 0x200013d8  0x13d8


*******************************************************************************
*** INIT TABLE
***

          Address     Size
          -------     ----
Zero (__iar_zero_init3)
    1 destination range, total size 0x2f4:
          0x200000e4  0x2f4

Copy/packbits (__iar_packbits_init3)
    1 source range, total size 0x28 (17% of destination):
          0x08002958   0x28
    1 destination range, total size 0xe4:
          0x20000000   0xe4



*******************************************************************************
*** MODULE SUMMARY
***

    Module                  ro code  ro data  rw data
    ------                  -------  -------  -------
E:\2021_lyhWorkPlaceSoftWave\JK16BDC\EWARM\YS-F4Pro\Obj: [1]
    bsp_AD5689.o                332
    bsp_GeneralTIM.o            164                60
    bsp_MB_host.o               608
    bsp_beep.o                   76
    bsp_led.o                   188
    bsp_usartx.o                316               112
    bsp_usartx_RS485.o          320               579
    main.o                    1 988       39      224
    startup_stm32f407xx.o       716
    stm32f4xx_hal.o             144                 4
    stm32f4xx_hal_cortex.o      228
    stm32f4xx_hal_dma.o          36
    stm32f4xx_hal_gpio.o        496
    stm32f4xx_hal_msp.o         112
    stm32f4xx_hal_rcc.o       1 172
    stm32f4xx_hal_tim.o       1 464
    stm32f4xx_hal_tim_ex.o        4
    stm32f4xx_hal_uart.o      1 512
    stm32f4xx_it.o               64
    system_stm32f4xx.o           96        9        4
    -------------------------------------------------
    Total:                   10 036       48      983

command line: [2]
    -------------------------------------------------
    Total:

dl7M_tlf.a: [3]
    abort.o                       6
    exit.o                        4
    low_level_init.o              4
    -------------------------------------------------
    Total:                       14

m7M_tls.a: [4]
    fpinit_M.o                   34
    -------------------------------------------------
    Total:                       34

rt7M_tl.a: [5]
    ABImemset48.o                58
    cexit.o                      10
    cmain.o                      26
    cstartup_M.o                 12
    data_init.o                  40
    packbits_init.o             208
    zero_init3.o                 64
    -------------------------------------------------
    Total:                      418

shb_l.a: [6]
    exit.o                       20
    -------------------------------------------------
    Total:                       20

    Gaps                          8        2        1
    Linker created                        44    4 096
-----------------------------------------------------
    Grand Total:             10 530       94    5 080


*******************************************************************************
*** ENTRY LIST
***

Entry                      Address   Size  Type      Object
-----                      -------   ----  ----      ------
.iar.init_table$$Base   0x080027a4          --   Gb  - Linker created -
.iar.init_table$$Limit  0x080027d0          --   Gb  - Linker created -
?main                   0x080027d1         Code  Gb  cmain.o [5]
AD5689_Init             0x0800100f   0xc2  Code  Gb  bsp_AD5689.o [1]
AD5689_SetRegisterValue
                        0x08000fa1   0x66  Code  Gb  bsp_AD5689.o [1]
AD5689_WriteUpdate_DACREG
                        0x08001007    0x8  Code  Gb  bsp_AD5689.o [1]
AHBPrescTable           0x080026c8   0x10  Data  Gb  system_stm32f4xx.o [1]
APBPrescTable           0x0800281c    0x8  Data  Gb  system_stm32f4xx.o [1]
Analyse_Data_Callback   0x0800052d  0x108  Code  Gb  main.o [1]
BEEP_GPIO_Init          0x08000f55   0x4c  Code  Gb  bsp_beep.o [1]
BusFault_Handler        0x080026df    0x2  Code  Gb  stm32f4xx_it.o [1]
CSTACK$$Base            0x200003d8          --   Gb  - Linker created -
CSTACK$$Limit           0x200013d8          --   Gb  - Linker created -
CaptureNumber           0x200000bc    0x4  Data  Gb  main.o [1]
CheckSum                0x08001435   0x14  Code  Gb  bsp_usartx.o [1]
DebugMon_Handler        0x080026e5    0x2  Code  Gb  stm32f4xx_it.o [1]
Dis_Exp_Val             0x200000a8    0x4  Data  Gb  main.o [1]
Dis_Target              0x200000b0    0x4  Data  Gb  main.o [1]
GENERAL_TIMx_Init       0x080010ed   0x5e  Code  Gb  bsp_GeneralTIM.o [1]
HAL_DMA_Abort_IT        0x08002569   0x24  Code  Gb  stm32f4xx_hal_dma.o [1]
HAL_Delay               0x08000f29   0x1e  Code  Wk  stm32f4xx_hal.o [1]
HAL_GPIO_Init           0x08001729  0x1b4  Code  Gb  stm32f4xx_hal_gpio.o [1]
HAL_GPIO_TogglePin      0x080018e5    0x8  Code  Gb  stm32f4xx_hal_gpio.o [1]
HAL_GPIO_WritePin       0x080018dd    0x8  Code  Gb  stm32f4xx_hal_gpio.o [1]
HAL_GetTick             0x08000f23    0x6  Code  Wk  stm32f4xx_hal.o [1]
HAL_IncTick             0x08000f19    0xa  Code  Wk  stm32f4xx_hal.o [1]
HAL_Init                0x08000ec5   0x30  Code  Gb  stm32f4xx_hal.o [1]
HAL_InitTick            0x08000ef5   0x24  Code  Wk  stm32f4xx_hal.o [1]
HAL_MspInit             0x080024b9   0x70  Code  Gb  stm32f4xx_hal_msp.o [1]
HAL_NVIC_EnableIRQ      0x08000e53    0xc  Code  Gb  stm32f4xx_hal_cortex.o [1]
HAL_NVIC_SetPriority    0x08000dfb   0x58  Code  Gb  stm32f4xx_hal_cortex.o [1]
HAL_NVIC_SetPriorityGrouping
                        0x08000de1   0x1a  Code  Gb  stm32f4xx_hal_cortex.o [1]
HAL_RCC_ClockConfig     0x08000be5  0x14c  Code  Gb  stm32f4xx_hal_rcc.o [1]
HAL_RCC_EnableCSS       0x08000d31    0x8  Code  Gb  stm32f4xx_hal_rcc.o [1]
HAL_RCC_GetHCLKFreq     0x08000d7f    0x6  Code  Gb  stm32f4xx_hal_rcc.o [1]
HAL_RCC_GetPCLK1Freq    0x08000d85   0x10  Code  Gb  stm32f4xx_hal_rcc.o [1]
HAL_RCC_GetPCLK2Freq    0x08000d95    0xe  Code  Gb  stm32f4xx_hal_rcc.o [1]
HAL_RCC_GetSysClockFreq
                        0x08000d39   0x46  Code  Wk  stm32f4xx_hal_rcc.o [1]
HAL_RCC_OscConfig       0x0800094d  0x298  Code  Wk  stm32f4xx_hal_rcc.o [1]
HAL_SYSTICK_CLKSourceConfig
                        0x08000e89   0x14  Code  Gb  stm32f4xx_hal_cortex.o [1]
HAL_SYSTICK_Callback    0x08000635  0x2aa  Code  Gb  main.o [1]
HAL_SYSTICK_Config      0x08000e67   0x22  Code  Gb  stm32f4xx_hal_cortex.o [1]
HAL_SYSTICK_IRQHandler  0x08000ebd    0x8  Code  Gb  stm32f4xx_hal_cortex.o [1]
HAL_TIMEx_BreakCallback
                        0x08002567    0x2  Code  Wk  stm32f4xx_hal_tim_ex.o [1]
HAL_TIMEx_CommutationCallback
                        0x08002565    0x2  Code  Wk  stm32f4xx_hal_tim_ex.o [1]
HAL_TIM_Base_Start      0x08001919   0x12  Code  Gb  stm32f4xx_hal_tim.o [1]
HAL_TIM_ConfigClockSource
                        0x08001b1b  0x190  Code  Gb  stm32f4xx_hal_tim.o [1]
HAL_TIM_IC_CaptureCallback
                        0x08001cad    0x2  Code  Wk  stm32f4xx_hal_tim.o [1]
HAL_TIM_IRQHandler      0x08001983  0x14a  Code  Gb  stm32f4xx_hal_tim.o [1]
HAL_TIM_OC_ConfigChannel
                        0x08001acd   0x4e  Code  Gb  stm32f4xx_hal_tim.o [1]
HAL_TIM_OC_DelayElapsedCallback
                        0x080004d9   0x18  Code  Gb  main.o [1]
HAL_TIM_OnePulse_Init   0x0800193f   0x44  Code  Gb  stm32f4xx_hal_tim.o [1]
HAL_TIM_OnePulse_MspInit
                        0x0800114b   0x38  Code  Gb  bsp_GeneralTIM.o [1]
HAL_TIM_PWM_PulseFinishedCallback
                        0x08001caf    0x2  Code  Wk  stm32f4xx_hal_tim.o [1]
HAL_TIM_PeriodElapsedCallback
                        0x080004f1   0x36  Code  Gb  main.o [1]
HAL_TIM_TriggerCallback
                        0x08001cb1    0x2  Code  Wk  stm32f4xx_hal_tim.o [1]
HAL_UART_ErrorCallback  0x0800222d    0x2  Code  Wk  stm32f4xx_hal_uart.o [1]
HAL_UART_IRQHandler     0x080020c9  0x162  Code  Gb  stm32f4xx_hal_uart.o [1]
HAL_UART_Init           0x08001ed1   0x42  Code  Gb  stm32f4xx_hal_uart.o [1]
HAL_UART_MspInit        0x0800138d   0x44  Code  Gb  bsp_usartx.o [1]
HAL_UART_Receive_IT     0x08002073   0x4e  Code  Gb  stm32f4xx_hal_uart.o [1]
HAL_UART_RxCpltCallback
                        0x0800040b   0xc6  Code  Gb  main.o [1]
HAL_UART_Transmit       0x08001f2d   0xfc  Code  Gb  stm32f4xx_hal_uart.o [1]
HAL_UART_Transmit_IT    0x0800202f   0x44  Code  Gb  stm32f4xx_hal_uart.o [1]
HAL_UART_TxCpltCallback
                        0x0800222b    0x2  Code  Wk  stm32f4xx_hal_uart.o [1]
HardFault_Handler       0x080026db    0x2  Code  Gb  stm32f4xx_it.o [1]
InStream_Read           0x0800258d   0x22  Code  Lc  packbits_init.o [5]
IncPIDCalc              0x08000279   0x62  Code  Gb  main.o [1]
Init_PIDStruct          0x08000237   0x42  Code  Gb  main.o [1]
LED_GPIO_Init           0x08001191   0xae  Code  Gb  bsp_led.o [1]
Last_CaptureNumber      0x200000c0    0x4  Data  Gb  main.o [1]
MB_CRC16                0x080014c9   0x28  Code  Gb  bsp_MB_host.o [1]
MB_ReadHoldingReg_03H   0x08001519    0xa  Code  Gb  bsp_MB_host.o [1]
MSF                     0x200000b8    0x4  Data  Gb  main.o [1]
MX_USARTx_Init          0x080013d1   0x64  Code  Gb  bsp_usartx.o [1]
MemManage_Handler       0x080026dd    0x2  Code  Gb  stm32f4xx_it.o [1]
Motion_Dir              0x20000095    0x1  Data  Gb  main.o [1]
Msg                     0x20000334   0x10  Data  Gb  bsp_usartx.o [1]
NMI_Handler             0x080026d9    0x2  Code  Gb  stm32f4xx_it.o [1]
PendSV_Handler          0x080026e7    0x2  Code  Gb  stm32f4xx_it.o [1]
RCC_IRQHandler          0x080026f7    0x2  Code  Gb  stm32f4xx_it.o [1]
RS485_GPIO_Init         0x0800124d   0xa4  Code  Gb  bsp_usartx_RS485.o [1]
RS485_USARTx_Init       0x080012f1   0x56  Code  Gb  bsp_usartx_RS485.o [1]
Region$$Table$$Base     0x080027a4          --   Gb  - Linker created -
Region$$Table$$Limit    0x080027d0          --   Gb  - Linker created -
RxCount                 0x20000396    0x2  Data  Gb  bsp_usartx_RS485.o [1]
Rx_Buf                  0x200000e4  0x100  Data  Gb  bsp_usartx_RS485.o [1]
Rx_MSG                  0x20000096    0x2  Data  Gb  main.o [1]
RxxBuf                  0x20000344   0x10  Data  Gb  bsp_usartx.o [1]
SVC_Handler             0x080026e3    0x2  Code  Gb  stm32f4xx_it.o [1]
SysTick_Handler         0x080026e9    0xe  Code  Gb  stm32f4xx_it.o [1]
SystemClock_Config      0x08000189   0xae  Code  Gb  main.o [1]
SystemCoreClock         0x200000e0    0x4  Data  Gb  system_stm32f4xx.o [1]
SystemInit              0x08002679   0x3a  Code  Gb  system_stm32f4xx.o [1]
TIM5_IRQHandler         0x080026ff    0x6  Code  Gb  stm32f4xx_it.o [1]
TIM_Base_SetConfig      0x08001cb3   0x98  Code  Gb  stm32f4xx_hal_tim.o [1]
TIM_OC1_SetConfig       0x08001dab   0x52  Code  Lc  stm32f4xx_hal_tim.o [1]
TIM_OC2_SetConfig       0x08001d4b   0x56  Code  Gb  stm32f4xx_hal_tim.o [1]
TIM_OC3_SetConfig       0x08001dfd   0x52  Code  Lc  stm32f4xx_hal_tim.o [1]
TIM_OC4_SetConfig       0x08001e55   0x48  Code  Lc  stm32f4xx_hal_tim.o [1]
Time_CNT                0x2000009c    0x4  Data  Gb  main.o [1]
Transmit_FB             0x08001449   0x68  Code  Gb  bsp_usartx.o [1]
Tx_Buf                  0x200001e4  0x100  Data  Gb  bsp_usartx_RS485.o [1]
TxxBuf                  0x200002e4   0x10  Data  Gb  bsp_usartx.o [1]
UART_DMAAbortOnError    0x08002231   0x10  Code  Lc  stm32f4xx_hal_uart.o [1]
UART_Receive_IT         0x08002241   0x86  Code  Lc  stm32f4xx_hal_uart.o [1]
UART_SetConfig          0x080022c7  0x1e2  Code  Lc  stm32f4xx_hal_uart.o [1]
UART_Tx                 0x08001347   0x32  Code  Gb  bsp_usartx_RS485.o [1]
USART1_IRQHandler       0x08002705    0x6  Code  Gb  stm32f4xx_it.o [1]
USART3_IRQHandler       0x080026f9    0x6  Code  Gb  stm32f4xx_it.o [1]
UsageFault_Handler      0x080026e1    0x2  Code  Gb  stm32f4xx_it.o [1]
Vel_Exp_Val             0x200000ac    0x4  Data  Gb  main.o [1]
Vel_Target              0x200000b4    0x4  Data  Gb  main.o [1]
__aeabi_memset4         0x08002529         Code  Gb  ABImemset48.o [5]
__aeabi_memset8         0x08002529         Code  Gb  ABImemset48.o [5]
__cmain                 0x080027d1         Code  Gb  cmain.o [5]
__exit                  0x08002665   0x14  Code  Gb  exit.o [6]
__iar_Memset4_word      0x08002531         Code  Gb  ABImemset48.o [5]
__iar_Memset8_word      0x08002531         Code  Gb  ABImemset48.o [5]
__iar_data_init3        0x08002759   0x28  Code  Gb  data_init.o [5]
__iar_init_vfp          0x08002781         Code  Gb  fpinit_M.o [4]
__iar_packbits_init3    0x080025af   0xae  Code  Gb  packbits_init.o [5]
__iar_program_start     0x08002811         Code  Gb  cstartup_M.o [5]
__iar_zero_init3        0x08002719   0x40  Code  Gb  zero_init3.o [5]
__low_level_init        0x080027eb    0x4  Code  Gb  low_level_init.o [3]
__vector_table          0x08000000         Data  Gb  startup_stm32f407xx.o [1]
_call_main              0x080027dd         Code  Gb  cmain.o [5]
_exit                   0x080027f5         Code  Gb  cexit.o [5]
_main                   0x080027e7         Code  Gb  cmain.o [5]
abort                   0x0800265d    0x6  Code  Gb  abort.o [3]
auchCRCHi               0x08001528  0x100  Data  Lc  bsp_MB_host.o [1]
auchCRCLo               0x08001628  0x100  Data  Lc  bsp_MB_host.o [1]
exit                    0x080027ef    0x4  Code  Gb  exit.o [3]
htimx                   0x20000398   0x3c  Data  Gb  bsp_GeneralTIM.o [1]
husartx                 0x200002f4   0x40  Data  Gb  bsp_usartx.o [1]
husartx_rs485           0x20000354   0x40  Data  Gb  bsp_usartx_RS485.o [1]
main                    0x080002dd  0x12e  Code  Gb  main.o [1]
ptr_D                   0x200000d0    0x4  Data  Gb  main.o [1]
ptr_FB                  0x200000d8    0x4  Data  Gb  main.o [1]
ptr_Fun_                0x200000dc    0x4  Data  Gb  main.o [1]
ptr_I                   0x200000cc    0x4  Data  Gb  main.o [1]
ptr_P                   0x200000c8    0x4  Data  Gb  main.o [1]
ptr_Target              0x200000d4    0x4  Data  Gb  main.o [1]
reg_value               0x20000048   0x4c  Data  Gb  main.o [1]
rx_flag                 0x20000094    0x1  Data  Gb  main.o [1]
sPID                    0x20000000   0x24  Data  Lc  main.o [1]
setspeed                0x200000c4    0x4  Data  Gb  main.o [1]
start_flag              0x200000a0    0x4  Data  Gb  main.o [1]
sudubuchang             0x200000a4    0x4  Data  Gb  main.o [1]
sudusheding             0x20000098    0x2  Data  Gb  main.o [1]
tmp_Rx_Buf              0x20000394    0x1  Data  Gb  bsp_usartx_RS485.o [1]
uwTick                  0x200003d4    0x4  Data  Gb  stm32f4xx_hal.o [1]
vPID                    0x20000024   0x24  Data  Lc  main.o [1]


[1] = E:\2021_lyhWorkPlaceSoftWave\JK16BDC\EWARM\YS-F4Pro\Obj
[2] = command line
[3] = dl7M_tlf.a
[4] = m7M_tls.a
[5] = rt7M_tl.a
[6] = shb_l.a

  10 530 bytes of readonly  code memory
      94 bytes of readonly  data memory
   5 080 bytes of readwrite data memory

Errors: none
Warnings: none
